============================================================
Coolify Upgrade Log
Started: 2026-06-13 22:52:31
Target Version: 4.1.2
Helper Version: 1.0.14
Registry URL: ghcr.io
============================================================

============================================================
[2026-06-13 22:52:31] Step 1/6: Downloading configuration files
============================================================
[2026-06-13 22:52:31] Downloading docker-compose.yml from https://cdn.coollabs.io/coolify/docker-compose.yml
[2026-06-13 22:52:31] Downloading docker-compose.prod.yml from https://cdn.coollabs.io/coolify/docker-compose.prod.yml
[2026-06-13 22:52:32] Downloading .env.production from https://cdn.coollabs.io/coolify/.env.production
[2026-06-13 22:52:32] Downloading upgrade-postgres.sh from https://cdn.coollabs.io/coolify/upgrade-postgres.sh
[2026-06-13 22:52:32] Configuration files downloaded successfully
[2026-06-13 22:52:32] Extracting all images from docker-compose configuration...
[2026-06-13 22:52:32] Images to pull:
[2026-06-13 22:52:32]   - ghcr.io/coollabsio/coolify-realtime:1.0.16
[2026-06-13 22:52:32]   - ghcr.io/coollabsio/coolify:4.1.2
[2026-06-13 22:52:32]   - postgres:15-alpine
[2026-06-13 22:52:32]   - redis:7-alpine

============================================================
[2026-06-13 22:52:32] Step 2/6: Updating environment configuration
============================================================
[2026-06-13 22:52:32] Merging .env.production values into .env
[2026-06-13 22:52:32] Environment file merged successfully
[2026-06-13 22:52:32] Checking environment variables...
[2026-06-13 22:52:32] Environment variables check complete
[2026-06-13 22:52:32] Checking Docker network 'coolify'...
[2026-06-13 22:52:32] Network 'coolify' does not exist, creating...
[2026-06-13 22:52:32] Network 'coolify' created with IPv6 support

============================================================
[2026-06-13 22:52:32] Step 3/6: Pulling Docker images
============================================================
[2026-06-13 22:52:32] Pulling image: ghcr.io/coollabsio/coolify-helper:1.0.14
1.0.14: Pulling from coollabsio/coolify-helper
4f4fb700ef54: Pulling fs layer
ac7a419814da: Pulling fs layer
897d797d2723: Pulling fs layer
40a51c862130: Pulling fs layer
ce20655395cc: Pulling fs layer
a2ab865ad409: Pulling fs layer
4f4fb700ef54: Pulling fs layer
286bebeba8f4: Pulling fs layer
2b13822e2205: Pulling fs layer
4f4fb700ef54: Already exists
4f4fb700ef54: Pull complete
2b13822e2205: Download complete
40a51c862130: Download complete
286bebeba8f4: Download complete
897d797d2723: Download complete
ac7a419814da: Download complete
40a51c862130: Pull complete
897d797d2723: Pull complete
ce20655395cc: Download complete
ac7a419814da: Pull complete
2b13822e2205: Pull complete
a2ab865ad409: Download complete
ce20655395cc: Pull complete
a2ab865ad409: Pull complete
286bebeba8f4: Pull complete
Digest: sha256:55acc11740d42a5646e74108276ab252cc040abce0679fc6b36c81b464849d52
Status: Downloaded newer image for ghcr.io/coollabsio/coolify-helper:1.0.14
ghcr.io/coollabsio/coolify-helper:1.0.14
[2026-06-13 22:52:36] Successfully pulled ghcr.io/coollabsio/coolify-helper:1.0.14
[2026-06-13 22:52:36] Pulling image: ghcr.io/coollabsio/coolify-realtime:1.0.16
1.0.16: Pulling from coollabsio/coolify-realtime
6e353f69381c: Pulling fs layer
1f4460942861: Pulling fs layer
ef144cfcb568: Pulling fs layer
987514eef659: Pulling fs layer
6f98404da49c: Pulling fs layer
2caa2b98563f: Pulling fs layer
05ed17ac07c3: Pulling fs layer
92f5acab4ed3: Pulling fs layer
562cb0be6243: Pulling fs layer
562cb0be6243: Download complete
987514eef659: Download complete
2caa2b98563f: Download complete
92f5acab4ed3: Download complete
05ed17ac07c3: Download complete
1f4460942861: Download complete
1f4460942861: Pull complete
6e353f69381c: Download complete
6f98404da49c: Download complete
ef144cfcb568: Download complete
ef144cfcb568: Pull complete
987514eef659: Pull complete
562cb0be6243: Pull complete
92f5acab4ed3: Pull complete
6f98404da49c: Pull complete
2caa2b98563f: Pull complete
05ed17ac07c3: Pull complete
6e353f69381c: Pull complete
Digest: sha256:733aa0090e8b7c0da719657dbc258003d03e50539baec543ac0f395e539fcbb7
Status: Downloaded newer image for ghcr.io/coollabsio/coolify-realtime:1.0.16
ghcr.io/coollabsio/coolify-realtime:1.0.16
[2026-06-13 22:52:44] Successfully pulled ghcr.io/coollabsio/coolify-realtime:1.0.16
[2026-06-13 22:52:44] Pulling image: ghcr.io/coollabsio/coolify:4.1.2
4.1.2: Pulling from coollabsio/coolify
40c08df87b8b: Pulling fs layer
4f4fb700ef54: Pulling fs layer
9870004fbd5c: Pulling fs layer
028c251b6064: Pulling fs layer
7362ec24211e: Pulling fs layer
6af0bf4b0278: Pulling fs layer
3cd64a702d67: Pulling fs layer
72625f38c6e3: Pulling fs layer
4f4fb700ef54: Pulling fs layer
4c26f212e358: Pulling fs layer
fcdbea334dac: Pulling fs layer
2680ea20bcf4: Pulling fs layer
5bd379fae79b: Pulling fs layer
73457b83b8f5: Pulling fs layer
4bd0b7e6931f: Pulling fs layer
af6908eda717: Pulling fs layer
83cb35262db8: Pulling fs layer
de195faa7d9e: Pulling fs layer
851269d64d48: Pulling fs layer
d96cbfb8b58e: Pulling fs layer
38ed83c65703: Pulling fs layer
e3de6bcee1ec: Pulling fs layer
e4908be12be3: Pulling fs layer
29c0cb971c4d: Pulling fs layer
9282ada7a369: Pulling fs layer
e67caeaa6c87: Pulling fs layer
82f951c0e3c6: Pulling fs layer
653be144fa4f: Pulling fs layer
ce5b2405551e: Pulling fs layer
bab2371ae578: Pulling fs layer
d94fdd50347d: Pulling fs layer
ce8b821daf9d: Pulling fs layer
56cf2791189d: Pulling fs layer
edfae8ce0383: Pulling fs layer
24375c2864a3: Pulling fs layer
feb6d07554d7: Pulling fs layer
9e6d905442b4: Pulling fs layer
9605c41f47ff: Pulling fs layer
02cb441c95e5: Pulling fs layer
daaaf8a0dc59: Pulling fs layer
ba614c55f14d: Pulling fs layer
5e4fc4601291: Pulling fs layer
059e88ed4448: Pulling fs layer
371208b4e8b2: Pulling fs layer
6b3f3a2eb23f: Pulling fs layer
38709d180d07: Pulling fs layer
4f4fb700ef54: Pulling fs layer
4f4fb700ef54: Pulling fs layer
4f4fb700ef54: Pulling fs layer
f1113efb4729: Pulling fs layer
1faeee837d9c: Pulling fs layer
57bae10774c0: Pulling fs layer
04a55e6b1202: Pulling fs layer
342822511bf6: Pulling fs layer
94074734ca37: Pulling fs layer
495954a9e28b: Pulling fs layer
ebc2f29d19c4: Pulling fs layer
c789428dd4ff: Pulling fs layer
c462bf29bd8f: Pulling fs layer
6faf7edda5cc: Pulling fs layer
4f4fb700ef54: Already exists
de195faa7d9e: Already exists
4f4fb700ef54: Pull complete
4bd0b7e6931f: Download complete
028c251b6064: Download complete
72625f38c6e3: Download complete
2680ea20bcf4: Download complete
73457b83b8f5: Download complete
4c26f212e358: Download complete
7362ec24211e: Download complete
af6908eda717: Download complete
6af0bf4b0278: Download complete
5bd379fae79b: Download complete
9e6d905442b4: Download complete
342822511bf6: Download complete
ba614c55f14d: Download complete
c789428dd4ff: Download complete
e4908be12be3: Download complete
82f951c0e3c6: Download complete
653be144fa4f: Download complete
feb6d07554d7: Download complete
ebc2f29d19c4: Download complete
24375c2864a3: Download complete
38709d180d07: Download complete
6faf7edda5cc: Download complete
9282ada7a369: Download complete
38ed83c65703: Download complete
29c0cb971c4d: Download complete
bab2371ae578: Download complete
9605c41f47ff: Download complete
daaaf8a0dc59: Download complete
e3de6bcee1ec: Download complete
02cb441c95e5: Download complete
9870004fbd5c: Download complete
851269d64d48: Download complete
d96cbfb8b58e: Download complete
edfae8ce0383: Download complete
e67caeaa6c87: Download complete
d94fdd50347d: Download complete
ce8b821daf9d: Download complete
5e4fc4601291: Download complete
371208b4e8b2: Download complete
ce5b2405551e: Download complete
f1113efb4729: Download complete
c462bf29bd8f: Download complete
3cd64a702d67: Download complete
56cf2791189d: Download complete
6b3f3a2eb23f: Download complete
1faeee837d9c: Download complete
7362ec24211e: Pull complete
9870004fbd5c: Pull complete
fcdbea334dac: Download complete
72625f38c6e3: Pull complete
57bae10774c0: Download complete
495954a9e28b: Download complete
fcdbea334dac: Pull complete
04a55e6b1202: Download complete
059e88ed4448: Download complete
40c08df87b8b: Download complete
2680ea20bcf4: Pull complete
83cb35262db8: Download complete
94074734ca37: Download complete
40c08df87b8b: Pull complete
028c251b6064: Pull complete
6af0bf4b0278: Pull complete
3cd64a702d67: Pull complete
73457b83b8f5: Pull complete
4c26f212e358: Pull complete
af6908eda717: Pull complete
5bd379fae79b: Pull complete
de195faa7d9e: Pull complete
e4908be12be3: Pull complete
653be144fa4f: Pull complete
9282ada7a369: Pull complete
38ed83c65703: Pull complete
bab2371ae578: Pull complete
e67caeaa6c87: Pull complete
56cf2791189d: Pull complete
24375c2864a3: Pull complete
38709d180d07: Pull complete
9605c41f47ff: Pull complete
6b3f3a2eb23f: Pull complete
371208b4e8b2: Pull complete
f1113efb4729: Pull complete
57bae10774c0: Pull complete
04a55e6b1202: Pull complete
1faeee837d9c: Pull complete
94074734ca37: Pull complete
4bd0b7e6931f: Pull complete
342822511bf6: Pull complete
83cb35262db8: Pull complete
851269d64d48: Pull complete
d96cbfb8b58e: Pull complete
e3de6bcee1ec: Pull complete
82f951c0e3c6: Pull complete
29c0cb971c4d: Pull complete
ce5b2405551e: Pull complete
6faf7edda5cc: Pull complete
495954a9e28b: Pull complete
c789428dd4ff: Pull complete
ebc2f29d19c4: Pull complete
c462bf29bd8f: Pull complete
d94fdd50347d: Pull complete
ce8b821daf9d: Pull complete
9e6d905442b4: Pull complete
ba614c55f14d: Pull complete
feb6d07554d7: Pull complete
daaaf8a0dc59: Pull complete
02cb441c95e5: Pull complete
edfae8ce0383: Pull complete
5e4fc4601291: Pull complete
059e88ed4448: Pull complete
Digest: sha256:3a27ba5f7f98ff7763a0a4d6715ec36e564f9622eea8f492c46f90716ea2525f
Status: Downloaded newer image for ghcr.io/coollabsio/coolify:4.1.2
ghcr.io/coollabsio/coolify:4.1.2
[2026-06-13 22:52:54] Successfully pulled ghcr.io/coollabsio/coolify:4.1.2
[2026-06-13 22:52:54] Pulling image: postgres:15-alpine
15-alpine: Pulling from library/postgres
e7388fabcfc8: Pulling fs layer
875febe691e3: Pulling fs layer
fabfbb741253: Pulling fs layer
0d7083820709: Pulling fs layer
0a8a2f657a65: Pulling fs layer
9ba0314f1de5: Pulling fs layer
b4d16d98c9e2: Pulling fs layer
d5aa5cfeb581: Pulling fs layer
089c22c5ccd1: Pulling fs layer
7a2cc7995f67: Pulling fs layer
9ba0314f1de5: Download complete
d5aa5cfeb581: Download complete
0a8a2f657a65: Download complete
b4d16d98c9e2: Download complete
089c22c5ccd1: Download complete
7a2cc7995f67: Download complete
e7388fabcfc8: Download complete
fabfbb741253: Download complete
0d7083820709: Download complete
fabfbb741253: Pull complete
9ba0314f1de5: Pull complete
0a8a2f657a65: Pull complete
0d7083820709: Pull complete
c8e31ffa0207: Download complete
7cd9452a9126: Download complete
875febe691e3: Download complete
d5aa5cfeb581: Pull complete
b4d16d98c9e2: Pull complete
089c22c5ccd1: Pull complete
875febe691e3: Pull complete
7a2cc7995f67: Pull complete
e7388fabcfc8: Pull complete
Digest: sha256:df7bca0066e6f60cc3dd32faa70caddec20e2c22b58932f79498e5704b23854a
Status: Downloaded newer image for postgres:15-alpine
docker.io/library/postgres:15-alpine
[2026-06-13 22:52:59] Successfully pulled postgres:15-alpine
[2026-06-13 22:52:59] Pulling image: redis:7-alpine
7-alpine: Pulling from library/redis
677c7c5aa821: Pulling fs layer
c14c7509f545: Pulling fs layer
f546396032e0: Pulling fs layer
a300455a02bb: Pulling fs layer
941ebb020cf0: Pulling fs layer
4f4fb700ef54: Pulling fs layer
4f4fb700ef54: Already exists
677c7c5aa821: Download complete
c14c7509f545: Download complete
941ebb020cf0: Download complete
f546396032e0: Download complete
a300455a02bb: Download complete
c14c7509f545: Pull complete
71890b592d65: Download complete
f546396032e0: Pull complete
f92331b1f9bb: Download complete
4f4fb700ef54: Pull complete
941ebb020cf0: Pull complete
a300455a02bb: Pull complete
677c7c5aa821: Pull complete
Digest: sha256:6ab0b6e7381779332f97b8ca76193e45b0756f38d4c0dcda72dbb3c32061ab99
Status: Downloaded newer image for redis:7-alpine
docker.io/library/redis:7-alpine
[2026-06-13 22:53:02] Successfully pulled redis:7-alpine
[2026-06-13 22:53:02] All images pulled successfully

============================================================
[2026-06-13 22:53:02] Step 4/6: Stopping and restarting containers
============================================================
[2026-06-13 22:53:02] Starting container restart sequence (detached)...
[2026-06-13 22:53:02] Container coolify not found (skipping)
[2026-06-13 22:53:02] Container postgres not found (skipping)
[2026-06-13 22:53:02] Container redis not found (skipping)
[2026-06-13 22:53:02] Container coolify-realtime not found (skipping)
[2026-06-13 22:53:02] Container cleanup complete

============================================================
[2026-06-13 22:53:02] Step 5/6: Starting new containers
============================================================
[2026-06-13 22:53:02] Running docker compose up...
 Volume "coolify-db"  Creating
 Volume "coolify-db"  Created
 Volume "coolify-redis"  Creating
 Volume "coolify-redis"  Created
 Container redis  Creating
 Container coolify-realtime  Creating
 Container postgres  Creating
 Container coolify-realtime  Created
 Container redis  Created
 Container postgres  Created
 Container coolify  Creating
 Container coolify  Created
 Container coolify-realtime  Starting
 Container postgres  Starting
 Container redis  Starting
 Container redis  Started
 Container postgres  Started
 Container coolify-realtime  Started
 Container postgres  Waiting
 Container redis  Waiting
 Container coolify-realtime  Waiting
[2026-06-13 22:53:04] Container restart sequence started in background (PID: 14151)
 Container redis  Healthy
 Container coolify-realtime  Healthy
 Container postgres  Healthy
 Container coolify  Starting
 Container coolify  Started
 Container postgres  Waiting
 Container redis  Waiting
 Container coolify-realtime  Waiting
 Container coolify  Waiting
 Container redis  Healthy
 Container postgres  Healthy
 Container coolify-realtime  Healthy
 Container coolify  Healthy
[2026-06-13 22:53:14] Docker compose up completed

============================================================
[2026-06-13 22:53:14] Step 6/6: Upgrade complete
============================================================
[2026-06-13 22:53:14] Coolify upgrade completed successfully
[2026-06-13 22:53:14] Version: 4.1.2

============================================================
Upgrade completed: 2026-06-13 22:53:14
============================================================
[2026-06-13 22:53:24] Status file cleaned up
